<?xml version="1.0" encoding="ISO-8859-1" ?>
<link_info>
   <banner>TI ARM Linker PC v18.12.3.LTS</banner>
   <copyright>Copyright (c) 1996-2018 Texas Instruments Incorporated</copyright>
   <link_time>0x6686284d</link_time>
   <link_errors>0x0</link_errors>
   <output_file>P3_SO_VM_TA.out</output_file>
   <entry_point>
      <name>_c_int00_noargs</name>
      <address>0x19e9</address>
   </entry_point>
   <input_file_list>
      <input_file id="fl-2">
         <path>.\</path>
         <kind>object</kind>
         <file>dispatcher.obj</file>
         <name>dispatcher.obj</name>
      </input_file>
      <input_file id="fl-3">
         <path>.\</path>
         <kind>object</kind>
         <file>fila.obj</file>
         <name>fila.obj</name>
      </input_file>
      <input_file id="fl-4">
         <path>.\</path>
         <kind>object</kind>
         <file>main.obj</file>
         <name>main.obj</name>
      </input_file>
      <input_file id="fl-5">
         <path>.\</path>
         <kind>object</kind>
         <file>microcontext.obj</file>
         <name>microcontext.obj</name>
      </input_file>
      <input_file id="fl-6">
         <path>.\</path>
         <kind>object</kind>
         <file>microcontext_assembly.obj</file>
         <name>microcontext_assembly.obj</name>
      </input_file>
      <input_file id="fl-7">
         <path>.\</path>
         <kind>object</kind>
         <file>ppos_core.obj</file>
         <name>ppos_core.obj</name>
      </input_file>
      <input_file id="fl-8">
         <path>.\</path>
         <kind>object</kind>
         <file>startup_ccs.obj</file>
         <name>startup_ccs.obj</name>
      </input_file>
      <input_file id="fl-9">
         <path>.\drivers\</path>
         <kind>object</kind>
         <file>pinout.obj</file>
         <name>pinout.obj</name>
      </input_file>
      <input_file id="fl-a">
         <path>.\utils\</path>
         <kind>object</kind>
         <file>uartstdio.obj</file>
         <name>uartstdio.obj</name>
      </input_file>
      <input_file id="fl-f">
         <kind>object</kind>
         <file>&lt;internal&gt;</file>
         <name>&lt;internal&gt;</name>
      </input_file>
      <input_file id="fl-c5">
         <path>C:\ti\ccs920\ccs\tools\compiler\ti-cgt-arm_18.12.3.LTS\lib\</path>
         <kind>archive</kind>
         <file>rtsv7M4_T_le_v4SPD16_eabi.lib</file>
         <name>setvbuf.c.obj</name>
      </input_file>
      <input_file id="fl-c6">
         <path>C:\ti\ccs920\ccs\tools\compiler\ti-cgt-arm_18.12.3.LTS\lib\</path>
         <kind>archive</kind>
         <file>rtsv7M4_T_le_v4SPD16_eabi.lib</file>
         <name>u_divt2.asm.obj</name>
      </input_file>
      <input_file id="fl-c7">
         <path>C:\ti\ccs920\ccs\tools\compiler\ti-cgt-arm_18.12.3.LTS\lib\</path>
         <kind>archive</kind>
         <file>rtsv7M4_T_le_v4SPD16_eabi.lib</file>
         <name>copy_zero_init.c.obj</name>
      </input_file>
      <input_file id="fl-c8">
         <path>C:\ti\ccs920\ccs\tools\compiler\ti-cgt-arm_18.12.3.LTS\lib\</path>
         <kind>archive</kind>
         <file>rtsv7M4_T_le_v4SPD16_eabi.lib</file>
         <name>copy_decompress_none.c.obj</name>
      </input_file>
      <input_file id="fl-c9">
         <path>C:\ti\ccs920\ccs\tools\compiler\ti-cgt-arm_18.12.3.LTS\lib\</path>
         <kind>archive</kind>
         <file>rtsv7M4_T_le_v4SPD16_eabi.lib</file>
         <name>copy_decompress_lzss.c.obj</name>
      </input_file>
      <input_file id="fl-ca">
         <path>C:\ti\ccs920\ccs\tools\compiler\ti-cgt-arm_18.12.3.LTS\lib\</path>
         <kind>archive</kind>
         <file>rtsv7M4_T_le_v4SPD16_eabi.lib</file>
         <name>exit.c.obj</name>
      </input_file>
      <input_file id="fl-cb">
         <path>C:\ti\ccs920\ccs\tools\compiler\ti-cgt-arm_18.12.3.LTS\lib\</path>
         <kind>archive</kind>
         <file>rtsv7M4_T_le_v4SPD16_eabi.lib</file>
         <name>_lock.c.obj</name>
      </input_file>
      <input_file id="fl-cc">
         <path>C:\ti\ccs920\ccs\tools\compiler\ti-cgt-arm_18.12.3.LTS\lib\</path>
         <kind>archive</kind>
         <file>rtsv7M4_T_le_v4SPD16_eabi.lib</file>
         <name>defs.c.obj</name>
      </input_file>
      <input_file id="fl-cd">
         <path>C:\ti\ccs920\ccs\tools\compiler\ti-cgt-arm_18.12.3.LTS\lib\</path>
         <kind>archive</kind>
         <file>rtsv7M4_T_le_v4SPD16_eabi.lib</file>
         <name>memory.c.obj</name>
      </input_file>
      <input_file id="fl-ce">
         <path>C:\ti\ccs920\ccs\tools\compiler\ti-cgt-arm_18.12.3.LTS\lib\</path>
         <kind>archive</kind>
         <file>rtsv7M4_T_le_v4SPD16_eabi.lib</file>
         <name>boot_cortex_m.c.obj</name>
      </input_file>
      <input_file id="fl-cf">
         <path>C:\ti\ccs920\ccs\tools\compiler\ti-cgt-arm_18.12.3.LTS\lib\</path>
         <kind>archive</kind>
         <file>rtsv7M4_T_le_v4SPD16_eabi.lib</file>
         <name>fopen.c.obj</name>
      </input_file>
      <input_file id="fl-d0">
         <path>C:\ti\ccs920\ccs\tools\compiler\ti-cgt-arm_18.12.3.LTS\lib\</path>
         <kind>archive</kind>
         <file>rtsv7M4_T_le_v4SPD16_eabi.lib</file>
         <name>div0.asm.obj</name>
      </input_file>
      <input_file id="fl-d1">
         <path>C:\ti\ccs920\ccs\tools\compiler\ti-cgt-arm_18.12.3.LTS\lib\</path>
         <kind>archive</kind>
         <file>rtsv7M4_T_le_v4SPD16_eabi.lib</file>
         <name>memset_t2.asm.obj</name>
      </input_file>
      <input_file id="fl-d2">
         <path>C:\ti\ccs920\ccs\tools\compiler\ti-cgt-arm_18.12.3.LTS\lib\</path>
         <kind>archive</kind>
         <file>rtsv7M4_T_le_v4SPD16_eabi.lib</file>
         <name>memcpy_t2.asm.obj</name>
      </input_file>
      <input_file id="fl-d3">
         <path>C:\ti\ccs920\ccs\tools\compiler\ti-cgt-arm_18.12.3.LTS\lib\</path>
         <kind>archive</kind>
         <file>rtsv7M4_T_le_v4SPD16_eabi.lib</file>
         <name>autoinit.c.obj</name>
      </input_file>
      <input_file id="fl-d4">
         <path>C:\ti\ccs920\ccs\tools\compiler\ti-cgt-arm_18.12.3.LTS\lib\</path>
         <kind>archive</kind>
         <file>rtsv7M4_T_le_v4SPD16_eabi.lib</file>
         <name>pre_init.c.obj</name>
      </input_file>
      <input_file id="fl-d5">
         <path>C:\ti\ccs920\ccs\tools\compiler\ti-cgt-arm_18.12.3.LTS\lib\</path>
         <kind>archive</kind>
         <file>rtsv7M4_T_le_v4SPD16_eabi.lib</file>
         <name>cpy_tbl.c.obj</name>
      </input_file>
      <input_file id="fl-d6">
         <path>C:\ti\ccs920\ccs\tools\compiler\ti-cgt-arm_18.12.3.LTS\lib\</path>
         <kind>archive</kind>
         <file>rtsv7M4_T_le_v4SPD16_eabi.lib</file>
         <name>args_main.c.obj</name>
      </input_file>
      <input_file id="fl-d7">
         <path>C:\ti\ccs920\ccs\tools\compiler\ti-cgt-arm_18.12.3.LTS\lib\</path>
         <kind>archive</kind>
         <file>rtsv7M4_T_le_v4SPD16_eabi.lib</file>
         <name>open.c.obj</name>
      </input_file>
      <input_file id="fl-d8">
         <path>C:\ti\ccs920\ccs\tools\compiler\ti-cgt-arm_18.12.3.LTS\lib\</path>
         <kind>archive</kind>
         <file>rtsv7M4_T_le_v4SPD16_eabi.lib</file>
         <name>fclose.c.obj</name>
      </input_file>
      <input_file id="fl-d9">
         <path>C:\ti\ccs920\ccs\tools\compiler\ti-cgt-arm_18.12.3.LTS\lib\</path>
         <kind>archive</kind>
         <file>rtsv7M4_T_le_v4SPD16_eabi.lib</file>
         <name>fflush.c.obj</name>
      </input_file>
      <input_file id="fl-da">
         <path>C:\ti\ccs920\ccs\tools\compiler\ti-cgt-arm_18.12.3.LTS\lib\</path>
         <kind>archive</kind>
         <file>rtsv7M4_T_le_v4SPD16_eabi.lib</file>
         <name>getdevice.c.obj</name>
      </input_file>
      <input_file id="fl-db">
         <path>C:\ti\ccs920\ccs\tools\compiler\ti-cgt-arm_18.12.3.LTS\lib\</path>
         <kind>archive</kind>
         <file>rtsv7M4_T_le_v4SPD16_eabi.lib</file>
         <name>strchr.c.obj</name>
      </input_file>
      <input_file id="fl-dc">
         <path>C:\ti\ccs920\ccs\tools\compiler\ti-cgt-arm_18.12.3.LTS\lib\</path>
         <kind>archive</kind>
         <file>rtsv7M4_T_le_v4SPD16_eabi.lib</file>
         <name>strcmp.c.obj</name>
      </input_file>
      <input_file id="fl-dd">
         <path>C:\ti\ccs920\ccs\tools\compiler\ti-cgt-arm_18.12.3.LTS\lib\</path>
         <kind>archive</kind>
         <file>rtsv7M4_T_le_v4SPD16_eabi.lib</file>
         <name>strncpy.c.obj</name>
      </input_file>
      <input_file id="fl-de">
         <path>C:\ti\ccs920\ccs\tools\compiler\ti-cgt-arm_18.12.3.LTS\lib\</path>
         <kind>archive</kind>
         <file>rtsv7M4_T_le_v4SPD16_eabi.lib</file>
         <name>write.c.obj</name>
      </input_file>
      <input_file id="fl-df">
         <path>C:\ti\ccs920\ccs\tools\compiler\ti-cgt-arm_18.12.3.LTS\lib\</path>
         <kind>archive</kind>
         <file>rtsv7M4_T_le_v4SPD16_eabi.lib</file>
         <name>host_device.c.obj</name>
      </input_file>
      <input_file id="fl-e0">
         <path>C:\ti\ccs920\ccs\tools\compiler\ti-cgt-arm_18.12.3.LTS\lib\</path>
         <kind>archive</kind>
         <file>rtsv7M4_T_le_v4SPD16_eabi.lib</file>
         <name>remove.c.obj</name>
      </input_file>
      <input_file id="fl-e1">
         <path>C:\ti\ccs920\ccs\tools\compiler\ti-cgt-arm_18.12.3.LTS\lib\</path>
         <kind>archive</kind>
         <file>rtsv7M4_T_le_v4SPD16_eabi.lib</file>
         <name>close.c.obj</name>
      </input_file>
      <input_file id="fl-e2">
         <path>C:\ti\ccs920\ccs\tools\compiler\ti-cgt-arm_18.12.3.LTS\lib\</path>
         <kind>archive</kind>
         <file>rtsv7M4_T_le_v4SPD16_eabi.lib</file>
         <name>unlink.c.obj</name>
      </input_file>
      <input_file id="fl-e3">
         <path>C:\ti\ccs920\ccs\tools\compiler\ti-cgt-arm_18.12.3.LTS\lib\</path>
         <kind>archive</kind>
         <file>rtsv7M4_T_le_v4SPD16_eabi.lib</file>
         <name>hostclose.c.obj</name>
      </input_file>
      <input_file id="fl-e4">
         <path>C:\ti\ccs920\ccs\tools\compiler\ti-cgt-arm_18.12.3.LTS\lib\</path>
         <kind>archive</kind>
         <file>rtsv7M4_T_le_v4SPD16_eabi.lib</file>
         <name>hostlseek.c.obj</name>
      </input_file>
      <input_file id="fl-e5">
         <path>C:\ti\ccs920\ccs\tools\compiler\ti-cgt-arm_18.12.3.LTS\lib\</path>
         <kind>archive</kind>
         <file>rtsv7M4_T_le_v4SPD16_eabi.lib</file>
         <name>hostopen.c.obj</name>
      </input_file>
      <input_file id="fl-e6">
         <path>C:\ti\ccs920\ccs\tools\compiler\ti-cgt-arm_18.12.3.LTS\lib\</path>
         <kind>archive</kind>
         <file>rtsv7M4_T_le_v4SPD16_eabi.lib</file>
         <name>hostread.c.obj</name>
      </input_file>
      <input_file id="fl-e7">
         <path>C:\ti\ccs920\ccs\tools\compiler\ti-cgt-arm_18.12.3.LTS\lib\</path>
         <kind>archive</kind>
         <file>rtsv7M4_T_le_v4SPD16_eabi.lib</file>
         <name>hostrename.c.obj</name>
      </input_file>
      <input_file id="fl-e8">
         <path>C:\ti\ccs920\ccs\tools\compiler\ti-cgt-arm_18.12.3.LTS\lib\</path>
         <kind>archive</kind>
         <file>rtsv7M4_T_le_v4SPD16_eabi.lib</file>
         <name>hostunlink.c.obj</name>
      </input_file>
      <input_file id="fl-e9">
         <path>C:\ti\ccs920\ccs\tools\compiler\ti-cgt-arm_18.12.3.LTS\lib\</path>
         <kind>archive</kind>
         <file>rtsv7M4_T_le_v4SPD16_eabi.lib</file>
         <name>hostwrite.c.obj</name>
      </input_file>
      <input_file id="fl-ea">
         <path>C:\ti\ccs920\ccs\tools\compiler\ti-cgt-arm_18.12.3.LTS\lib\</path>
         <kind>archive</kind>
         <file>rtsv7M4_T_le_v4SPD16_eabi.lib</file>
         <name>trgmsg.c.obj</name>
      </input_file>
      <input_file id="fl-eb">
         <path>C:\ti\ccs920\ccs\tools\compiler\ti-cgt-arm_18.12.3.LTS\lib\</path>
         <kind>archive</kind>
         <file>rtsv7M4_T_le_v4SPD16_eabi.lib</file>
         <name>strcpy.c.obj</name>
      </input_file>
      <input_file id="fl-ec">
         <path>C:\ti\ccs920\ccs\tools\compiler\ti-cgt-arm_18.12.3.LTS\lib\</path>
         <kind>archive</kind>
         <file>rtsv7M4_T_le_v4SPD16_eabi.lib</file>
         <name>strlen.c.obj</name>
      </input_file>
      <input_file id="fl-ed">
         <path>C:\ti\tivaware_c_series_2_1_4_178\driverlib\ccs\Debug\</path>
         <kind>archive</kind>
         <file>driverlib.lib</file>
         <name>gpio.obj</name>
      </input_file>
      <input_file id="fl-ee">
         <path>C:\ti\tivaware_c_series_2_1_4_178\driverlib\ccs\Debug\</path>
         <kind>archive</kind>
         <file>driverlib.lib</file>
         <name>interrupt.obj</name>
      </input_file>
      <input_file id="fl-ef">
         <path>C:\ti\tivaware_c_series_2_1_4_178\driverlib\ccs\Debug\</path>
         <kind>archive</kind>
         <file>driverlib.lib</file>
         <name>sysctl.obj</name>
      </input_file>
      <input_file id="fl-f0">
         <path>C:\ti\tivaware_c_series_2_1_4_178\driverlib\ccs\Debug\</path>
         <kind>archive</kind>
         <file>driverlib.lib</file>
         <name>cpu.obj</name>
      </input_file>
   </input_file_list>
   <object_component_list>
      <object_component id="oc-f">
         <name>.intvecs</name>
         <load_address>0x0</load_address>
         <run_address>0x0</run_address>
         <size>0x200</size>
         <input_file_ref idref="fl-8"/>
      </object_component>
      <object_component id="oc-f4">
         <name>.text:PinoutSet</name>
         <load_address>0x200</load_address>
         <run_address>0x200</run_address>
         <size>0x20c</size>
         <input_file_ref idref="fl-9"/>
      </object_component>
      <object_component id="oc-ee">
         <name>.text:SysCtlClockFreqSet</name>
         <load_address>0x40c</load_address>
         <run_address>0x40c</run_address>
         <size>0x200</size>
         <input_file_ref idref="fl-ef"/>
      </object_component>
      <object_component id="oc-17f">
         <name>.text:UARTvprintf</name>
         <load_address>0x60c</load_address>
         <run_address>0x60c</run_address>
         <size>0x1ee</size>
         <input_file_ref idref="fl-a"/>
      </object_component>
      <object_component id="oc-16a">
         <name>.text:GPIOPadConfigSet</name>
         <load_address>0x7fa</load_address>
         <run_address>0x7fa</run_address>
         <size>0x132</size>
         <input_file_ref idref="fl-ed"/>
      </object_component>
      <object_component id="oc-210">
         <name>.text</name>
         <load_address>0x92c</load_address>
         <run_address>0x92c</run_address>
         <size>0x120</size>
         <input_file_ref idref="fl-6"/>
      </object_component>
      <object_component id="oc-2a0">
         <name>.text:aligned_alloc</name>
         <load_address>0xa4c</load_address>
         <run_address>0xa4c</run_address>
         <size>0xf4</size>
         <input_file_ref idref="fl-cd"/>
      </object_component>
      <object_component id="oc-106">
         <name>.text:dispatcher_tiva</name>
         <load_address>0xb40</load_address>
         <run_address>0xb40</run_address>
         <size>0xf0</size>
         <input_file_ref idref="fl-2"/>
      </object_component>
      <object_component id="oc-28d">
         <name>.text:free</name>
         <load_address>0xc30</load_address>
         <run_address>0xc30</run_address>
         <size>0xe8</size>
         <input_file_ref idref="fl-cd"/>
      </object_component>
      <object_component id="oc-204">
         <name>.text:setvbuf</name>
         <load_address>0xd18</load_address>
         <run_address>0xd18</run_address>
         <size>0xdc</size>
         <input_file_ref idref="fl-c5"/>
      </object_component>
      <object_component id="oc-18c">
         <name>.text:ppos_init</name>
         <load_address>0xdf4</load_address>
         <run_address>0xdf4</run_address>
         <size>0xbc</size>
         <input_file_ref idref="fl-7"/>
      </object_component>
      <object_component id="oc-4d">
         <name>.text</name>
         <load_address>0xeb0</load_address>
         <run_address>0xeb0</run_address>
         <size>0x9c</size>
         <input_file_ref idref="fl-d2"/>
      </object_component>
      <object_component id="oc-192">
         <name>.text:task_create</name>
         <load_address>0xf4c</load_address>
         <run_address>0xf4c</run_address>
         <size>0x9c</size>
         <input_file_ref idref="fl-7"/>
      </object_component>
      <object_component id="oc-b4">
         <name>.text:main</name>
         <load_address>0xfe8</load_address>
         <run_address>0xfe8</run_address>
         <size>0x84</size>
         <input_file_ref idref="fl-4"/>
      </object_component>
      <object_component id="oc-2f1">
         <name>.text:split</name>
         <load_address>0x106c</load_address>
         <run_address>0x106c</run_address>
         <size>0x7c</size>
         <input_file_ref idref="fl-cd"/>
      </object_component>
      <object_component id="oc-a8">
         <name>.text</name>
         <load_address>0x10e8</load_address>
         <run_address>0x10e8</run_address>
         <size>0x7a</size>
         <input_file_ref idref="fl-d1"/>
      </object_component>
      <object_component id="oc-33">
         <name>.text:FaultISR</name>
         <load_address>0x1162</load_address>
         <run_address>0x1162</run_address>
         <size>0x2</size>
         <input_file_ref idref="fl-8"/>
      </object_component>
      <object_component id="oc-2e5">
         <name>.text:__TI_closefile</name>
         <load_address>0x1164</load_address>
         <run_address>0x1164</run_address>
         <size>0x74</size>
         <input_file_ref idref="fl-d8"/>
      </object_component>
      <object_component id="oc-392">
         <name>.text:HOSTrename</name>
         <load_address>0x11d8</load_address>
         <run_address>0x11d8</run_address>
         <size>0x6c</size>
         <input_file_ref idref="fl-e7"/>
      </object_component>
      <object_component id="oc-386">
         <name>.text:HOSTlseek</name>
         <load_address>0x1244</load_address>
         <run_address>0x1244</run_address>
         <size>0x68</size>
         <input_file_ref idref="fl-e4"/>
      </object_component>
      <object_component id="oc-12">
         <name>.text:decompress:lzss:__TI_decompress_lzss</name>
         <load_address>0x12ac</load_address>
         <run_address>0x12ac</run_address>
         <size>0x68</size>
         <input_file_ref idref="fl-c9"/>
      </object_component>
      <object_component id="oc-2bb">
         <name>.text:queue_remove</name>
         <load_address>0x1314</load_address>
         <run_address>0x1314</run_address>
         <size>0x68</size>
         <input_file_ref idref="fl-3"/>
      </object_component>
      <object_component id="oc-36e">
         <name>.text:HOSTopen</name>
         <load_address>0x137c</load_address>
         <run_address>0x137c</run_address>
         <size>0x60</size>
         <input_file_ref idref="fl-e5"/>
      </object_component>
      <object_component id="oc-178">
         <name>.text:UARTStdioConfig</name>
         <load_address>0x13dc</load_address>
         <run_address>0x13dc</run_address>
         <size>0x60</size>
         <input_file_ref idref="fl-a"/>
      </object_component>
      <object_component id="oc-fa">
         <name>.text:ConfigureUART</name>
         <load_address>0x143c</load_address>
         <run_address>0x143c</run_address>
         <size>0x5c</size>
         <input_file_ref idref="fl-4"/>
      </object_component>
      <object_component id="oc-310">
         <name>.text:close</name>
         <load_address>0x1498</load_address>
         <run_address>0x1498</run_address>
         <size>0x5c</size>
         <input_file_ref idref="fl-e1"/>
      </object_component>
      <object_component id="oc-37a">
         <name>.text:HOSTread</name>
         <load_address>0x14f4</load_address>
         <run_address>0x14f4</run_address>
         <size>0x58</size>
         <input_file_ref idref="fl-e6"/>
      </object_component>
      <object_component id="oc-380">
         <name>.text:HOSTwrite</name>
         <load_address>0x154c</load_address>
         <run_address>0x154c</run_address>
         <size>0x58</size>
         <input_file_ref idref="fl-e9"/>
      </object_component>
      <object_component id="oc-19e">
         <name>.text:Body</name>
         <load_address>0x15a4</load_address>
         <run_address>0x15a4</run_address>
         <size>0x52</size>
         <input_file_ref idref="fl-2"/>
      </object_component>
      <object_component id="oc-30a">
         <name>.text:__TI_doflush</name>
         <load_address>0x15f6</load_address>
         <run_address>0x15f6</run_address>
         <size>0x4c</size>
         <input_file_ref idref="fl-d9"/>
      </object_component>
      <object_component id="oc-39">
         <name>.text:IntDefaultHandler</name>
         <load_address>0x1642</load_address>
         <run_address>0x1642</run_address>
         <size>0x2</size>
         <input_file_ref idref="fl-8"/>
      </object_component>
      <object_component id="oc-1f6">
         <name>.text:UARTwrite</name>
         <load_address>0x1644</load_address>
         <run_address>0x1644</run_address>
         <size>0x48</size>
         <input_file_ref idref="fl-a"/>
      </object_component>
      <object_component id="oc-154">
         <name>.text:_SysCtlFrequencyGet</name>
         <load_address>0x168c</load_address>
         <run_address>0x168c</run_address>
         <size>0x48</size>
         <input_file_ref idref="fl-ef"/>
      </object_component>
      <object_component id="oc-114">
         <name>.text:exit</name>
         <load_address>0x16d4</load_address>
         <run_address>0x16d4</run_address>
         <size>0x48</size>
         <input_file_ref idref="fl-ca"/>
      </object_component>
      <object_component id="oc-374">
         <name>.text:HOSTclose</name>
         <load_address>0x171c</load_address>
         <run_address>0x171c</run_address>
         <size>0x44</size>
         <input_file_ref idref="fl-e3"/>
      </object_component>
      <object_component id="oc-38c">
         <name>.text:HOSTunlink</name>
         <load_address>0x1760</load_address>
         <run_address>0x1760</run_address>
         <size>0x44</size>
         <input_file_ref idref="fl-e8"/>
      </object_component>
      <object_component id="oc-11a">
         <name>.text:__TI_auto_init_nobinit_nopinit:__TI_auto_init_nobinit_nopinit</name>
         <load_address>0x17a4</load_address>
         <run_address>0x17a4</run_address>
         <size>0x44</size>
         <input_file_ref idref="fl-d3"/>
      </object_component>
      <object_component id="oc-331">
         <name>.text:getdevice</name>
         <load_address>0x17e8</load_address>
         <run_address>0x17e8</run_address>
         <size>0x44</size>
         <input_file_ref idref="fl-da"/>
      </object_component>
      <object_component id="oc-1fc">
         <name>.text</name>
         <load_address>0x182c</load_address>
         <run_address>0x182c</run_address>
         <size>0x40</size>
         <input_file_ref idref="fl-c6"/>
      </object_component>
      <object_component id="oc-222">
         <name>.text:Bodydispatcher</name>
         <load_address>0x186c</load_address>
         <run_address>0x186c</run_address>
         <size>0x38</size>
         <input_file_ref idref="fl-7"/>
      </object_component>
      <object_component id="oc-3b5">
         <name>.text:__TI_writemsg</name>
         <load_address>0x18a4</load_address>
         <run_address>0x18a4</run_address>
         <size>0x38</size>
         <input_file_ref idref="fl-ea"/>
      </object_component>
      <object_component id="oc-240">
         <name>.text:task_exit</name>
         <load_address>0x18dc</load_address>
         <run_address>0x18dc</run_address>
         <size>0x38</size>
         <input_file_ref idref="fl-7"/>
      </object_component>
      <object_component id="oc-231">
         <name>.text:queue_append</name>
         <load_address>0x1914</load_address>
         <run_address>0x1914</run_address>
         <size>0x36</size>
         <input_file_ref idref="fl-3"/>
      </object_component>
      <object_component id="oc-357">
         <name>.text:strncpy</name>
         <load_address>0x194a</load_address>
         <run_address>0x194a</run_address>
         <size>0x36</size>
         <input_file_ref idref="fl-dd"/>
      </object_component>
      <object_component id="oc-293">
         <name>.text:__TI_cleanup</name>
         <load_address>0x1980</load_address>
         <run_address>0x1980</run_address>
         <size>0x34</size>
         <input_file_ref idref="fl-cf"/>
      </object_component>
      <object_component id="oc-3bb">
         <name>.text:__TI_readmsg</name>
         <load_address>0x19b4</load_address>
         <run_address>0x19b4</run_address>
         <size>0x34</size>
         <input_file_ref idref="fl-ea"/>
      </object_component>
      <object_component id="oc-6b">
         <name>.text:_c_int00_noargs:_c_int00_noargs</name>
         <load_address>0x19e8</load_address>
         <run_address>0x19e8</run_address>
         <size>0x34</size>
         <input_file_ref idref="fl-ce"/>
      </object_component>
      <object_component id="oc-35d">
         <name>.text:finddevice</name>
         <load_address>0x1a1c</load_address>
         <run_address>0x1a1c</run_address>
         <size>0x30</size>
         <input_file_ref idref="fl-da"/>
      </object_component>
      <object_component id="oc-316">
         <name>.text:unlink</name>
         <load_address>0x1a4c</load_address>
         <run_address>0x1a4c</run_address>
         <size>0x2c</size>
         <input_file_ref idref="fl-e2"/>
      </object_component>
      <object_component id="oc-1e0">
         <name>.text:GPIODirModeSet</name>
         <load_address>0x1a78</load_address>
         <run_address>0x1a78</run_address>
         <size>0x2a</size>
         <input_file_ref idref="fl-ed"/>
      </object_component>
      <object_component id="oc-2d">
         <name>.text:NmiSR</name>
         <load_address>0x1aa2</load_address>
         <run_address>0x1aa2</run_address>
         <size>0x2</size>
         <input_file_ref idref="fl-8"/>
      </object_component>
      <object_component id="oc-2de">
         <name>.text:free_list_insert</name>
         <load_address>0x1aa4</load_address>
         <run_address>0x1aa4</run_address>
         <size>0x28</size>
         <input_file_ref idref="fl-cd"/>
      </object_component>
      <object_component id="oc-198">
         <name>.text:task_yield</name>
         <load_address>0x1acc</load_address>
         <run_address>0x1acc</run_address>
         <size>0x28</size>
         <input_file_ref idref="fl-7"/>
      </object_component>
      <object_component id="oc-324">
         <name>.text:write</name>
         <load_address>0x1af4</load_address>
         <run_address>0x1af4</run_address>
         <size>0x28</size>
         <input_file_ref idref="fl-de"/>
      </object_component>
      <object_component id="oc-14e">
         <name>.text:_SysCtlMemTimingGet</name>
         <load_address>0x1b1c</load_address>
         <run_address>0x1b1c</run_address>
         <size>0x20</size>
         <input_file_ref idref="fl-ef"/>
      </object_component>
      <object_component id="oc-2d8">
         <name>.text:free_list_remove</name>
         <load_address>0x1b3c</load_address>
         <run_address>0x1b3c</run_address>
         <size>0x1c</size>
         <input_file_ref idref="fl-cd"/>
      </object_component>
      <object_component id="oc-239">
         <name>.text:task_switch</name>
         <load_address>0x1b58</load_address>
         <run_address>0x1b58</run_address>
         <size>0x1c</size>
         <input_file_ref idref="fl-7"/>
      </object_component>
      <object_component id="oc-100">
         <name>.text:UARTprintf</name>
         <load_address>0x1b74</load_address>
         <run_address>0x1b74</run_address>
         <size>0x1a</size>
         <input_file_ref idref="fl-a"/>
      </object_component>
      <object_component id="oc-3a1">
         <name>.text:strcmp</name>
         <load_address>0x1b8e</load_address>
         <run_address>0x1b8e</run_address>
         <size>0x18</size>
         <input_file_ref idref="fl-dc"/>
      </object_component>
      <object_component id="oc-351">
         <name>.text:strchr</name>
         <load_address>0x1ba6</load_address>
         <run_address>0x1ba6</run_address>
         <size>0x16</size>
         <input_file_ref idref="fl-db"/>
      </object_component>
      <object_component id="oc-3cf">
         <name>.text:strcpy</name>
         <load_address>0x1bbc</load_address>
         <run_address>0x1bbc</run_address>
         <size>0x14</size>
         <input_file_ref idref="fl-eb"/>
      </object_component>
      <object_component id="oc-3af">
         <name>.text:strlen</name>
         <load_address>0x1bd0</load_address>
         <run_address>0x1bd0</run_address>
         <size>0x14</size>
         <input_file_ref idref="fl-ec"/>
      </object_component>
      <object_component id="oc-170">
         <name>.text:GPIOPinTypeEthernetLED</name>
         <load_address>0x1be4</load_address>
         <run_address>0x1be4</run_address>
         <size>0x12</size>
         <input_file_ref idref="fl-ed"/>
      </object_component>
      <object_component id="oc-18">
         <name>.text:decompress:none:__TI_decompress_none</name>
         <load_address>0x1bf6</load_address>
         <run_address>0x1bf6</run_address>
         <size>0xe</size>
         <input_file_ref idref="fl-c8"/>
      </object_component>
      <object_component id="oc-5f">
         <name>.text:decompress:ZI:__TI_zero_init</name>
         <load_address>0x1c04</load_address>
         <run_address>0x1c04</run_address>
         <size>0xc</size>
         <input_file_ref idref="fl-c7"/>
      </object_component>
      <object_component id="oc-2b5">
         <name>.text:scheduler</name>
         <load_address>0x1c10</load_address>
         <run_address>0x1c10</run_address>
         <size>0xc</size>
         <input_file_ref idref="fl-7"/>
      </object_component>
      <object_component id="oc-215">
         <name>.text:makecontextMain</name>
         <load_address>0x1c1c</load_address>
         <run_address>0x1c1c</run_address>
         <size>0xa</size>
         <input_file_ref idref="fl-5"/>
      </object_component>
      <object_component id="oc-20a">
         <name>.text:malloc</name>
         <load_address>0x1c26</load_address>
         <run_address>0x1c26</run_address>
         <size>0x8</size>
         <input_file_ref idref="fl-cd"/>
      </object_component>
      <object_component id="oc-27">
         <name>.text:ResetISR</name>
         <load_address>0x1c2e</load_address>
         <run_address>0x1c2e</run_address>
         <size>0x6</size>
         <input_file_ref idref="fl-8"/>
      </object_component>
      <object_component id="oc-22b">
         <name>.text:makecontext</name>
         <load_address>0x1c34</load_address>
         <run_address>0x1c34</run_address>
         <size>0x6</size>
         <input_file_ref idref="fl-5"/>
      </object_component>
      <object_component id="oc-ae">
         <name>.text:_system_pre_init</name>
         <load_address>0x1c3a</load_address>
         <run_address>0x1c3a</run_address>
         <size>0x4</size>
         <input_file_ref idref="fl-d4"/>
      </object_component>
      <object_component id="oc-10e">
         <name>.text:abort:abort</name>
         <load_address>0x1c3e</load_address>
         <run_address>0x1c3e</run_address>
         <size>0x4</size>
         <input_file_ref idref="fl-ca"/>
      </object_component>
      <object_component id="oc-25a">
         <name>.text:_nop</name>
         <load_address>0x1c42</load_address>
         <run_address>0x1c42</run_address>
         <size>0x2</size>
         <input_file_ref idref="fl-cb"/>
      </object_component>
      <object_component id="oc-287">
         <name>.text</name>
         <load_address>0x1c44</load_address>
         <run_address>0x1c44</run_address>
         <size>0x2</size>
         <input_file_ref idref="fl-d0"/>
      </object_component>
      <object_component id="oc-15d">
         <name>.const:g_pppui32XTALtoVCO</name>
         <load_address>0x1c48</load_address>
         <run_address>0x1c48</run_address>
         <size>0x1b0</size>
         <input_file_ref idref="fl-ef"/>
      </object_component>
      <object_component id="oc-15a">
         <name>.const:g_pui32Xtals</name>
         <load_address>0x1df8</load_address>
         <run_address>0x1df8</run_address>
         <size>0x6c</size>
         <input_file_ref idref="fl-ef"/>
      </object_component>
      <object_component id="oc-1cc">
         <name>.const:g_sXTALtoMEMTIM</name>
         <load_address>0x1e64</load_address>
         <run_address>0x1e64</run_address>
         <size>0x30</size>
         <input_file_ref idref="fl-ef"/>
      </object_component>
      <object_component id="oc-1ec">
         <name>.const:g_ui32UARTBase</name>
         <load_address>0x1e94</load_address>
         <run_address>0x1e94</run_address>
         <size>0xc</size>
         <input_file_ref idref="fl-a"/>
      </object_component>
      <object_component id="oc-1e9">
         <name>.const:g_ui32UARTPeriph</name>
         <load_address>0x1ea0</load_address>
         <run_address>0x1ea0</run_address>
         <size>0xc</size>
         <input_file_ref idref="fl-a"/>
      </object_component>
      <object_component id="oc-160">
         <name>.const</name>
         <load_address>0x1eac</load_address>
         <run_address>0x1eac</run_address>
         <size>0x8</size>
         <input_file_ref idref="fl-ef"/>
      </object_component>
      <object_component id="oc-42a">
         <name>.cinit..data.load</name>
         <load_address>0x1eb8</load_address>
         <run_address>0x1eb8</run_address>
         <size>0x69</size>
      </object_component>
      <object_component id="oc-428">
         <name>__TI_handler_table</name>
         <load_address>0x1f24</load_address>
         <run_address>0x1f24</run_address>
         <size>0xc</size>
      </object_component>
      <object_component id="oc-42b">
         <name>.cinit..bss.load</name>
         <load_address>0x1f30</load_address>
         <run_address>0x1f30</run_address>
         <size>0x8</size>
      </object_component>
      <object_component id="oc-429">
         <name>__TI_cinit_table</name>
         <load_address>0x1f38</load_address>
         <run_address>0x1f38</run_address>
         <size>0x10</size>
      </object_component>
      <object_component id="oc-1ef">
         <name>.data</name>
         <load_address>0x2003e694</load_address>
         <run_address>0x2003e694</run_address>
         <size>0x5</size>
         <input_file_ref idref="fl-a"/>
      </object_component>
      <object_component id="oc-1ad">
         <name>.data:$O1$$</name>
         <load_address>0x2003e678</load_address>
         <run_address>0x2003e678</run_address>
         <size>0xc</size>
         <input_file_ref idref="fl-ca"/>
      </object_component>
      <object_component id="oc-1b0">
         <name>.data:$O1$$</name>
         <load_address>0x2003e684</load_address>
         <run_address>0x2003e684</run_address>
         <size>0x8</size>
         <input_file_ref idref="fl-cb"/>
      </object_component>
      <object_component id="oc-21b">
         <name>.data:_ftable</name>
         <load_address>0x2003e4b0</load_address>
         <run_address>0x2003e4b0</run_address>
         <size>0xf0</size>
         <input_file_ref idref="fl-cc"/>
      </object_component>
      <object_component id="oc-2eb">
         <name>.data</name>
         <load_address>0x2003e668</load_address>
         <run_address>0x2003e668</run_address>
         <size>0x10</size>
         <input_file_ref idref="fl-cc"/>
      </object_component>
      <object_component id="oc-2f7">
         <name>.data:$O1$$</name>
         <load_address>0x2003e68c</load_address>
         <run_address>0x2003e68c</run_address>
         <size>0x8</size>
         <input_file_ref idref="fl-cd"/>
      </object_component>
      <object_component id="oc-33f">
         <name>.data:_device</name>
         <load_address>0x2003e5a0</load_address>
         <run_address>0x2003e5a0</run_address>
         <size>0x78</size>
         <input_file_ref idref="fl-df"/>
      </object_component>
      <object_component id="oc-32c">
         <name>.data:_stream</name>
         <load_address>0x2003e618</load_address>
         <run_address>0x2003e618</run_address>
         <size>0x50</size>
         <input_file_ref idref="fl-df"/>
      </object_component>
      <object_component id="oc-3e1">
         <name>.bss:_CIOBUF_</name>
         <uninitialized>true</uninitialized>
         <run_address>0x2003e000</run_address>
         <size>0x120</size>
         <input_file_ref idref="fl-ea"/>
      </object_component>
      <object_component id="oc-1a4">
         <name>.common:Pang</name>
         <uninitialized>true</uninitialized>
         <run_address>0x2003e1c0</run_address>
         <size>0x78</size>
      </object_component>
      <object_component id="oc-1a7">
         <name>.common:Peng</name>
         <uninitialized>true</uninitialized>
         <run_address>0x2003e238</run_address>
         <size>0x78</size>
      </object_component>
      <object_component id="oc-1a8">
         <name>.common:Ping</name>
         <uninitialized>true</uninitialized>
         <run_address>0x2003e2b0</run_address>
         <size>0x78</size>
      </object_component>
      <object_component id="oc-1a9">
         <name>.common:Pong</name>
         <uninitialized>true</uninitialized>
         <run_address>0x2003e328</run_address>
         <size>0x78</size>
      </object_component>
      <object_component id="oc-1aa">
         <name>.common:Pung</name>
         <uninitialized>true</uninitialized>
         <run_address>0x2003e3a0</run_address>
         <size>0x78</size>
      </object_component>
      <object_component id="oc-10c">
         <name>.common:g_ui32SysClock</name>
         <uninitialized>true</uninitialized>
         <run_address>0x2003e498</run_address>
         <size>0x4</size>
      </object_component>
      <object_component id="oc-221">
         <name>.common:taskMain</name>
         <uninitialized>true</uninitialized>
         <run_address>0x2003e4a4</run_address>
         <size>0x4</size>
      </object_component>
      <object_component id="oc-228">
         <name>.common:taskAtual</name>
         <uninitialized>true</uninitialized>
         <run_address>0x2003e49c</run_address>
         <size>0x4</size>
      </object_component>
      <object_component id="oc-21e">
         <name>.common:taskID</name>
         <uninitialized>true</uninitialized>
         <run_address>0x2003e4a0</run_address>
         <size>0x4</size>
      </object_component>
      <object_component id="oc-229">
         <name>.common:taskdisp</name>
         <uninitialized>true</uninitialized>
         <run_address>0x2003e418</run_address>
         <size>0x78</size>
      </object_component>
      <object_component id="oc-237">
         <name>.common:taskQueue</name>
         <uninitialized>true</uninitialized>
         <run_address>0x2003e4ac</run_address>
         <size>0x4</size>
      </object_component>
      <object_component id="oc-2c1">
         <name>.common:taskNext</name>
         <uninitialized>true</uninitialized>
         <run_address>0x2003e4a8</run_address>
         <size>0x4</size>
      </object_component>
      <object_component id="oc-31c">
         <name>.common:__TI_tmpnams</name>
         <uninitialized>true</uninitialized>
         <run_address>0x2003e120</run_address>
         <size>0xa0</size>
      </object_component>
      <object_component id="oc-3c1">
         <name>.common:parmbuf</name>
         <uninitialized>true</uninitialized>
         <run_address>0x2003e490</run_address>
         <size>0x8</size>
      </object_component>
      <object_component id="oc-21">
         <name>.sysmem</name>
         <uninitialized>true</uninitialized>
         <run_address>0x20000000</run_address>
         <size>0x10</size>
         <input_file_ref idref="fl-cd"/>
      </object_component>
      <object_component id="oc-42d">
         <name>.sysmem</name>
         <uninitialized>true</uninitialized>
         <run_address>0x20000000</run_address>
         <size>0x0</size>
      </object_component>
      <object_component id="oc-24">
         <name>.stack</name>
         <uninitialized>true</uninitialized>
         <run_address>0x2003c000</run_address>
         <size>0x4</size>
         <input_file_ref idref="fl-ce"/>
      </object_component>
      <object_component id="oc-42c">
         <name>.stack</name>
         <uninitialized>true</uninitialized>
         <run_address>0x2003c000</run_address>
         <size>0x0</size>
      </object_component>
      <object_component id="oc-1a5">
         <name>.debug_info</name>
         <load_address>0x0</load_address>
         <run_address>0x0</run_address>
         <size>0x410</size>
         <input_file_ref idref="fl-2"/>
      </object_component>
      <object_component id="oc-107">
         <name>.debug_info</name>
         <load_address>0x410</load_address>
         <run_address>0x410</run_address>
         <size>0x210</size>
         <input_file_ref idref="fl-2"/>
      </object_component>
      <object_component id="oc-19f">
         <name>.debug_info</name>
         <load_address>0x620</load_address>
         <run_address>0x620</run_address>
         <size>0x1da</size>
         <input_file_ref idref="fl-2"/>
      </object_component>
      <object_component id="oc-24e">
         <name>.debug_info</name>
         <load_address>0x7fa</load_address>
         <run_address>0x7fa</run_address>
         <size>0x130</size>
         <input_file_ref idref="fl-2"/>
      </object_component>
      <object_component id="oc-48">
         <name>.debug_info</name>
         <load_address>0x92a</load_address>
         <run_address>0x92a</run_address>
         <size>0x84</size>
         <input_file_ref idref="fl-2"/>
      </object_component>
      <object_component id="oc-253">
         <name>.debug_info</name>
         <load_address>0x9ae</load_address>
         <run_address>0x9ae</run_address>
         <size>0x28c</size>
         <input_file_ref idref="fl-2"/>
      </object_component>
      <object_component id="oc-249">
         <name>.debug_info</name>
         <load_address>0xc3a</load_address>
         <run_address>0xc3a</run_address>
         <size>0x62</size>
         <input_file_ref idref="fl-2"/>
      </object_component>
      <object_component id="oc-2c5">
         <name>.debug_info</name>
         <load_address>0xc9c</load_address>
         <run_address>0xc9c</run_address>
         <size>0x301</size>
         <input_file_ref idref="fl-3"/>
      </object_component>
      <object_component id="oc-2bf">
         <name>.debug_info</name>
         <load_address>0xf9d</load_address>
         <run_address>0xf9d</run_address>
         <size>0x202</size>
         <input_file_ref idref="fl-3"/>
      </object_component>
      <object_component id="oc-233">
         <name>.debug_info</name>
         <load_address>0x119f</load_address>
         <run_address>0x119f</run_address>
         <size>0x1b2</size>
         <input_file_ref idref="fl-3"/>
      </object_component>
      <object_component id="oc-dc">
         <name>.debug_info</name>
         <load_address>0x1351</load_address>
         <run_address>0x1351</run_address>
         <size>0x3dc</size>
         <input_file_ref idref="fl-4"/>
      </object_component>
      <object_component id="oc-fb">
         <name>.debug_info</name>
         <load_address>0x172d</load_address>
         <run_address>0x172d</run_address>
         <size>0x196</size>
         <input_file_ref idref="fl-4"/>
      </object_component>
      <object_component id="oc-b5">
         <name>.debug_info</name>
         <load_address>0x18c3</load_address>
         <run_address>0x18c3</run_address>
         <size>0x1b3</size>
         <input_file_ref idref="fl-4"/>
      </object_component>
      <object_component id="oc-89">
         <name>.debug_info</name>
         <load_address>0x1a76</load_address>
         <run_address>0x1a76</run_address>
         <size>0x26b</size>
         <input_file_ref idref="fl-4"/>
      </object_component>
      <object_component id="oc-d7">
         <name>.debug_info</name>
         <load_address>0x1ce1</load_address>
         <run_address>0x1ce1</run_address>
         <size>0x8b</size>
         <input_file_ref idref="fl-4"/>
      </object_component>
      <object_component id="oc-d2">
         <name>.debug_info</name>
         <load_address>0x1d6c</load_address>
         <run_address>0x1d6c</run_address>
         <size>0x297</size>
         <input_file_ref idref="fl-4"/>
      </object_component>
      <object_component id="oc-8e">
         <name>.debug_info</name>
         <load_address>0x2003</load_address>
         <run_address>0x2003</run_address>
         <size>0xbb</size>
         <input_file_ref idref="fl-4"/>
      </object_component>
      <object_component id="oc-187">
         <name>.debug_info</name>
         <load_address>0x20be</load_address>
         <run_address>0x20be</run_address>
         <size>0x2c</size>
         <input_file_ref idref="fl-4"/>
      </object_component>
      <object_component id="oc-2a9">
         <name>.debug_info</name>
         <load_address>0x20ea</load_address>
         <run_address>0x20ea</run_address>
         <size>0x333</size>
         <input_file_ref idref="fl-5"/>
      </object_component>
      <object_component id="oc-217">
         <name>.debug_info</name>
         <load_address>0x241d</load_address>
         <run_address>0x241d</run_address>
         <size>0x226</size>
         <input_file_ref idref="fl-5"/>
      </object_component>
      <object_component id="oc-22c">
         <name>.debug_info</name>
         <load_address>0x2643</load_address>
         <run_address>0x2643</run_address>
         <size>0x21e</size>
         <input_file_ref idref="fl-5"/>
      </object_component>
      <object_component id="oc-211">
         <name>.debug_info</name>
         <load_address>0x2861</load_address>
         <run_address>0x2861</run_address>
         <size>0x1a1</size>
         <input_file_ref idref="fl-6"/>
      </object_component>
      <object_component id="oc-21f">
         <name>.debug_info</name>
         <load_address>0x2a02</load_address>
         <run_address>0x2a02</run_address>
         <size>0x63e</size>
         <input_file_ref idref="fl-7"/>
      </object_component>
      <object_component id="oc-23a">
         <name>.debug_info</name>
         <load_address>0x3040</load_address>
         <run_address>0x3040</run_address>
         <size>0x1bc</size>
         <input_file_ref idref="fl-7"/>
      </object_component>
      <object_component id="oc-19a">
         <name>.debug_info</name>
         <load_address>0x31fc</load_address>
         <run_address>0x31fc</run_address>
         <size>0x18b</size>
         <input_file_ref idref="fl-7"/>
      </object_component>
      <object_component id="oc-241">
         <name>.debug_info</name>
         <load_address>0x3387</load_address>
         <run_address>0x3387</run_address>
         <size>0x1ad</size>
         <input_file_ref idref="fl-7"/>
      </object_component>
      <object_component id="oc-194">
         <name>.debug_info</name>
         <load_address>0x3534</load_address>
         <run_address>0x3534</run_address>
         <size>0x25d</size>
         <input_file_ref idref="fl-7"/>
      </object_component>
      <object_component id="oc-2b6">
         <name>.debug_info</name>
         <load_address>0x3791</load_address>
         <run_address>0x3791</run_address>
         <size>0x168</size>
         <input_file_ref idref="fl-7"/>
      </object_component>
      <object_component id="oc-18e">
         <name>.debug_info</name>
         <load_address>0x38f9</load_address>
         <run_address>0x38f9</run_address>
         <size>0x1f9</size>
         <input_file_ref idref="fl-7"/>
      </object_component>
      <object_component id="oc-223">
         <name>.debug_info</name>
         <load_address>0x3af2</load_address>
         <run_address>0x3af2</run_address>
         <size>0x1c2</size>
         <input_file_ref idref="fl-7"/>
      </object_component>
      <object_component id="oc-2b0">
         <name>.debug_info</name>
         <load_address>0x3cb4</load_address>
         <run_address>0x3cb4</run_address>
         <size>0xcc</size>
         <input_file_ref idref="fl-7"/>
      </object_component>
      <object_component id="oc-41">
         <name>.debug_info</name>
         <load_address>0x3d80</load_address>
         <run_address>0x3d80</run_address>
         <size>0x2f9</size>
         <input_file_ref idref="fl-8"/>
      </object_component>
      <object_component id="oc-10">
         <name>.debug_info</name>
         <load_address>0x4079</load_address>
         <run_address>0x4079</run_address>
         <size>0x138</size>
         <input_file_ref idref="fl-8"/>
      </object_component>
      <object_component id="oc-28">
         <name>.debug_info</name>
         <load_address>0x41b1</load_address>
         <run_address>0x41b1</run_address>
         <size>0x168</size>
         <input_file_ref idref="fl-8"/>
      </object_component>
      <object_component id="oc-2e">
         <name>.debug_info</name>
         <load_address>0x4319</load_address>
         <run_address>0x4319</run_address>
         <size>0x156</size>
         <input_file_ref idref="fl-8"/>
      </object_component>
      <object_component id="oc-3b">
         <name>.debug_info</name>
         <load_address>0x446f</load_address>
         <run_address>0x446f</run_address>
         <size>0x171</size>
         <input_file_ref idref="fl-8"/>
      </object_component>
      <object_component id="oc-37">
         <name>.debug_info</name>
         <load_address>0x45e0</load_address>
         <run_address>0x45e0</run_address>
         <size>0x15c</size>
         <input_file_ref idref="fl-8"/>
      </object_component>
      <object_component id="oc-177">
         <name>.debug_info</name>
         <load_address>0x473c</load_address>
         <run_address>0x473c</run_address>
         <size>0x3bc</size>
         <input_file_ref idref="fl-9"/>
      </object_component>
      <object_component id="oc-f6">
         <name>.debug_info</name>
         <load_address>0x4af8</load_address>
         <run_address>0x4af8</run_address>
         <size>0x30d</size>
         <input_file_ref idref="fl-9"/>
      </object_component>
      <object_component id="oc-186">
         <name>.debug_info</name>
         <load_address>0x4e05</load_address>
         <run_address>0x4e05</run_address>
         <size>0x2f6</size>
         <input_file_ref idref="fl-a"/>
      </object_component>
      <object_component id="oc-1f0">
         <name>.debug_info</name>
         <load_address>0x50fb</load_address>
         <run_address>0x50fb</run_address>
         <size>0x137</size>
         <input_file_ref idref="fl-a"/>
      </object_component>
      <object_component id="oc-1ed">
         <name>.debug_info</name>
         <load_address>0x5232</load_address>
         <run_address>0x5232</run_address>
         <size>0x13f</size>
         <input_file_ref idref="fl-a"/>
      </object_component>
      <object_component id="oc-1ea">
         <name>.debug_info</name>
         <load_address>0x5371</load_address>
         <run_address>0x5371</run_address>
         <size>0x143</size>
         <input_file_ref idref="fl-a"/>
      </object_component>
      <object_component id="oc-1f8">
         <name>.debug_info</name>
         <load_address>0x54b4</load_address>
         <run_address>0x54b4</run_address>
         <size>0x1f0</size>
         <input_file_ref idref="fl-a"/>
      </object_component>
      <object_component id="oc-182">
         <name>.debug_info</name>
         <load_address>0x56a4</load_address>
         <run_address>0x56a4</run_address>
         <size>0x322</size>
         <input_file_ref idref="fl-a"/>
      </object_component>
      <object_component id="oc-102">
         <name>.debug_info</name>
         <load_address>0x59c6</load_address>
         <run_address>0x59c6</run_address>
         <size>0x1bd</size>
         <input_file_ref idref="fl-a"/>
      </object_component>
      <object_component id="oc-1f2">
         <name>.debug_info</name>
         <load_address>0x5b83</load_address>
         <run_address>0x5b83</run_address>
         <size>0x23b</size>
         <input_file_ref idref="fl-a"/>
      </object_component>
      <object_component id="oc-179">
         <name>.debug_info</name>
         <load_address>0x5dbe</load_address>
         <run_address>0x5dbe</run_address>
         <size>0x253</size>
         <input_file_ref idref="fl-a"/>
      </object_component>
      <object_component id="oc-29a">
         <name>.debug_info</name>
         <load_address>0x6011</load_address>
         <run_address>0x6011</run_address>
         <size>0x375</size>
         <input_file_ref idref="fl-c5"/>
      </object_component>
      <object_component id="oc-206">
         <name>.debug_info</name>
         <load_address>0x6386</load_address>
         <run_address>0x6386</run_address>
         <size>0x20c</size>
         <input_file_ref idref="fl-c5"/>
      </object_component>
      <object_component id="oc-29b">
         <name>.debug_info</name>
         <load_address>0x6592</load_address>
         <run_address>0x6592</run_address>
         <size>0xbf</size>
         <input_file_ref idref="fl-c5"/>
      </object_component>
      <object_component id="oc-1fe">
         <name>.debug_info</name>
         <load_address>0x6651</load_address>
         <run_address>0x6651</run_address>
         <size>0x143</size>
         <input_file_ref idref="fl-c6"/>
      </object_component>
      <object_component id="oc-a7">
         <name>.debug_info</name>
         <load_address>0x6794</load_address>
         <run_address>0x6794</run_address>
         <size>0x2d5</size>
         <input_file_ref idref="fl-c7"/>
      </object_component>
      <object_component id="oc-61">
         <name>.debug_info</name>
         <load_address>0x6a69</load_address>
         <run_address>0x6a69</run_address>
         <size>0x1b6</size>
         <input_file_ref idref="fl-c7"/>
      </object_component>
      <object_component id="oc-a2">
         <name>.debug_info</name>
         <load_address>0x6c1f</load_address>
         <run_address>0x6c1f</run_address>
         <size>0x46</size>
         <input_file_ref idref="fl-c7"/>
      </object_component>
      <object_component id="oc-e5">
         <name>.debug_info</name>
         <load_address>0x6c65</load_address>
         <run_address>0x6c65</run_address>
         <size>0x2c</size>
         <input_file_ref idref="fl-c7"/>
      </object_component>
      <object_component id="oc-58">
         <name>.debug_info</name>
         <load_address>0x6c91</load_address>
         <run_address>0x6c91</run_address>
         <size>0x2a9</size>
         <input_file_ref idref="fl-c8"/>
      </object_component>
      <object_component id="oc-1a">
         <name>.debug_info</name>
         <load_address>0x6f3a</load_address>
         <run_address>0x6f3a</run_address>
         <size>0x1eb</size>
         <input_file_ref idref="fl-c8"/>
      </object_component>
      <object_component id="oc-53">
         <name>.debug_info</name>
         <load_address>0x7125</load_address>
         <run_address>0x7125</run_address>
         <size>0x46</size>
         <input_file_ref idref="fl-c8"/>
      </object_component>
      <object_component id="oc-9a">
         <name>.debug_info</name>
         <load_address>0x716b</load_address>
         <run_address>0x716b</run_address>
         <size>0x2c</size>
         <input_file_ref idref="fl-c8"/>
      </object_component>
      <object_component id="oc-98">
         <name>.debug_info</name>
         <load_address>0x7197</load_address>
         <run_address>0x7197</run_address>
         <size>0x29f</size>
         <input_file_ref idref="fl-c9"/>
      </object_component>
      <object_component id="oc-14">
         <name>.debug_info</name>
         <load_address>0x7436</load_address>
         <run_address>0x7436</run_address>
         <size>0x251</size>
         <input_file_ref idref="fl-c9"/>
      </object_component>
      <object_component id="oc-43">
         <name>.debug_info</name>
         <load_address>0x7687</load_address>
         <run_address>0x7687</run_address>
         <size>0x60</size>
         <input_file_ref idref="fl-c9"/>
      </object_component>
      <object_component id="oc-de">
         <name>.debug_info</name>
         <load_address>0x76e7</load_address>
         <run_address>0x76e7</run_address>
         <size>0x46</size>
         <input_file_ref idref="fl-c9"/>
      </object_component>
      <object_component id="oc-93">
         <name>.debug_info</name>
         <load_address>0x772d</load_address>
         <run_address>0x772d</run_address>
         <size>0x39</size>
         <input_file_ref idref="fl-c9"/>
      </object_component>
      <object_component id="oc-1b4">
         <name>.debug_info</name>
         <load_address>0x7766</load_address>
         <run_address>0x7766</run_address>
         <size>0x3ae</size>
         <input_file_ref idref="fl-ca"/>
      </object_component>
      <object_component id="oc-1ae">
         <name>.debug_info</name>
         <load_address>0x7b14</load_address>
         <run_address>0x7b14</run_address>
         <size>0x191</size>
         <input_file_ref idref="fl-ca"/>
      </object_component>
      <object_component id="oc-10f">
         <name>.debug_info</name>
         <load_address>0x7ca5</load_address>
         <run_address>0x7ca5</run_address>
         <size>0x123</size>
         <input_file_ref idref="fl-ca"/>
      </object_component>
      <object_component id="oc-115">
         <name>.debug_info</name>
         <load_address>0x7dc8</load_address>
         <run_address>0x7dc8</run_address>
         <size>0x185</size>
         <input_file_ref idref="fl-ca"/>
      </object_component>
      <object_component id="oc-262">
         <name>.debug_info</name>
         <load_address>0x7f4d</load_address>
         <run_address>0x7f4d</run_address>
         <size>0x2ca</size>
         <input_file_ref idref="fl-cb"/>
      </object_component>
      <object_component id="oc-1b1">
         <name>.debug_info</name>
         <load_address>0x8217</load_address>
         <run_address>0x8217</run_address>
         <size>0x11f</size>
         <input_file_ref idref="fl-cb"/>
      </object_component>
      <object_component id="oc-25c">
         <name>.debug_info</name>
         <load_address>0x8336</load_address>
         <run_address>0x8336</run_address>
         <size>0x12f</size>
         <input_file_ref idref="fl-cb"/>
      </object_component>
      <object_component id="oc-2ac">
         <name>.debug_info</name>
         <load_address>0x8465</load_address>
         <run_address>0x8465</run_address>
         <size>0x145</size>
         <input_file_ref idref="fl-cc"/>
      </object_component>
      <object_component id="oc-21c">
         <name>.debug_info</name>
         <load_address>0x85aa</load_address>
         <run_address>0x85aa</run_address>
         <size>0x103</size>
         <input_file_ref idref="fl-cc"/>
      </object_component>
      <object_component id="oc-2ec">
         <name>.debug_info</name>
         <load_address>0x86ad</load_address>
         <run_address>0x86ad</run_address>
         <size>0x190</size>
         <input_file_ref idref="fl-cc"/>
      </object_component>
      <object_component id="oc-2ff">
         <name>.debug_info</name>
         <load_address>0x883d</load_address>
         <run_address>0x883d</run_address>
         <size>0xb2</size>
         <input_file_ref idref="fl-cc"/>
      </object_component>
      <object_component id="oc-7f">
         <name>.debug_info</name>
         <load_address>0x88ef</load_address>
         <run_address>0x88ef</run_address>
         <size>0x3b3</size>
         <input_file_ref idref="fl-cd"/>
      </object_component>
      <object_component id="oc-22">
         <name>.debug_info</name>
         <load_address>0x8ca2</load_address>
         <run_address>0x8ca2</run_address>
         <size>0x10d</size>
         <input_file_ref idref="fl-cd"/>
      </object_component>
      <object_component id="oc-2f8">
         <name>.debug_info</name>
         <load_address>0x8daf</load_address>
         <run_address>0x8daf</run_address>
         <size>0x140</size>
         <input_file_ref idref="fl-cd"/>
      </object_component>
      <object_component id="oc-20b">
         <name>.debug_info</name>
         <load_address>0x8eef</load_address>
         <run_address>0x8eef</run_address>
         <size>0x169</size>
         <input_file_ref idref="fl-cd"/>
      </object_component>
      <object_component id="oc-2d9">
         <name>.debug_info</name>
         <load_address>0x9058</load_address>
         <run_address>0x9058</run_address>
         <size>0x18f</size>
         <input_file_ref idref="fl-cd"/>
      </object_component>
      <object_component id="oc-2df">
         <name>.debug_info</name>
         <load_address>0x91e7</load_address>
         <run_address>0x91e7</run_address>
         <size>0x1a0</size>
         <input_file_ref idref="fl-cd"/>
      </object_component>
      <object_component id="oc-28f">
         <name>.debug_info</name>
         <load_address>0x9387</load_address>
         <run_address>0x9387</run_address>
         <size>0x204</size>
         <input_file_ref idref="fl-cd"/>
      </object_component>
      <object_component id="oc-2f3">
         <name>.debug_info</name>
         <load_address>0x958b</load_address>
         <run_address>0x958b</run_address>
         <size>0x1dc</size>
         <input_file_ref idref="fl-cd"/>
      </object_component>
      <object_component id="oc-2a2">
         <name>.debug_info</name>
         <load_address>0x9767</load_address>
         <run_address>0x9767</run_address>
         <size>0x29a</size>
         <input_file_ref idref="fl-cd"/>
      </object_component>
      <object_component id="oc-cd">
         <name>.debug_info</name>
         <load_address>0x9a01</load_address>
         <run_address>0x9a01</run_address>
         <size>0xb2</size>
         <input_file_ref idref="fl-cd"/>
      </object_component>
      <object_component id="oc-c8">
         <name>.debug_info</name>
         <load_address>0x9ab3</load_address>
         <run_address>0x9ab3</run_address>
         <size>0x2c</size>
         <input_file_ref idref="fl-cd"/>
      </object_component>
      <object_component id="oc-25">
         <name>.debug_info</name>
         <load_address>0x9adf</load_address>
         <run_address>0x9adf</run_address>
         <size>0x10c</size>
         <input_file_ref idref="fl-ce"/>
      </object_component>
      <object_component id="oc-6c">
         <name>.debug_info</name>
         <load_address>0x9beb</load_address>
         <run_address>0x9beb</run_address>
         <size>0x1aa</size>
         <input_file_ref idref="fl-ce"/>
      </object_component>
      <object_component id="oc-296">
         <name>.debug_info</name>
         <load_address>0x9d95</load_address>
         <run_address>0x9d95</run_address>
         <size>0x177</size>
         <input_file_ref idref="fl-cf"/>
      </object_component>
      <object_component id="oc-289">
         <name>.debug_info</name>
         <load_address>0x9f0c</load_address>
         <run_address>0x9f0c</run_address>
         <size>0x116</size>
         <input_file_ref idref="fl-d0"/>
      </object_component>
      <object_component id="oc-aa">
         <name>.debug_info</name>
         <load_address>0xa022</load_address>
         <run_address>0xa022</run_address>
         <size>0x148</size>
         <input_file_ref idref="fl-d1"/>
      </object_component>
      <object_component id="oc-50">
         <name>.debug_info</name>
         <load_address>0xa16a</load_address>
         <run_address>0xa16a</run_address>
         <size>0x11a</size>
         <input_file_ref idref="fl-d2"/>
      </object_component>
      <object_component id="oc-1b7">
         <name>.debug_info</name>
         <load_address>0xa284</load_address>
         <run_address>0xa284</run_address>
         <size>0x4b4</size>
         <input_file_ref idref="fl-d3"/>
      </object_component>
      <object_component id="oc-11d">
         <name>.debug_info</name>
         <load_address>0xa738</load_address>
         <run_address>0xa738</run_address>
         <size>0x1a7</size>
         <input_file_ref idref="fl-d3"/>
      </object_component>
      <object_component id="oc-268">
         <name>.debug_info</name>
         <load_address>0xa8df</load_address>
         <run_address>0xa8df</run_address>
         <size>0x39</size>
         <input_file_ref idref="fl-d3"/>
      </object_component>
      <object_component id="oc-2cb">
         <name>.debug_info</name>
         <load_address>0xa918</load_address>
         <run_address>0xa918</run_address>
         <size>0x39</size>
         <input_file_ref idref="fl-d3"/>
      </object_component>
      <object_component id="oc-26d">
         <name>.debug_info</name>
         <load_address>0xa951</load_address>
         <run_address>0xa951</run_address>
         <size>0x39</size>
         <input_file_ref idref="fl-d3"/>
      </object_component>
      <object_component id="oc-272">
         <name>.debug_info</name>
         <load_address>0xa98a</load_address>
         <run_address>0xa98a</run_address>
         <size>0xcd</size>
         <input_file_ref idref="fl-d3"/>
      </object_component>
      <object_component id="oc-b2">
         <name>.debug_info</name>
         <load_address>0xaa57</load_address>
         <run_address>0xaa57</run_address>
         <size>0x154</size>
         <input_file_ref idref="fl-d4"/>
      </object_component>
      <object_component id="oc-39c">
         <name>.debug_info</name>
         <load_address>0xabab</load_address>
         <run_address>0xabab</run_address>
         <size>0x403</size>
         <input_file_ref idref="fl-d7"/>
      </object_component>
      <object_component id="oc-347">
         <name>.debug_info</name>
         <load_address>0xafae</load_address>
         <run_address>0xafae</run_address>
         <size>0x120</size>
         <input_file_ref idref="fl-d7"/>
      </object_component>
      <object_component id="oc-34c">
         <name>.debug_info</name>
         <load_address>0xb0ce</load_address>
         <run_address>0xb0ce</run_address>
         <size>0x2c</size>
         <input_file_ref idref="fl-d7"/>
      </object_component>
      <object_component id="oc-31e">
         <name>.debug_info</name>
         <load_address>0xb0fa</load_address>
         <run_address>0xb0fa</run_address>
         <size>0x3a6</size>
         <input_file_ref idref="fl-d8"/>
      </object_component>
      <object_component id="oc-2e6">
         <name>.debug_info</name>
         <load_address>0xb4a0</load_address>
         <run_address>0xb4a0</run_address>
         <size>0x1f4</size>
         <input_file_ref idref="fl-d8"/>
      </object_component>
      <object_component id="oc-32b">
         <name>.debug_info</name>
         <load_address>0xb694</load_address>
         <run_address>0xb694</run_address>
         <size>0x348</size>
         <input_file_ref idref="fl-d9"/>
      </object_component>
      <object_component id="oc-30e">
         <name>.debug_info</name>
         <load_address>0xb9dc</load_address>
         <run_address>0xb9dc</run_address>
         <size>0x18b</size>
         <input_file_ref idref="fl-d9"/>
      </object_component>
      <object_component id="oc-364">
         <name>.debug_info</name>
         <load_address>0xbb67</load_address>
         <run_address>0xbb67</run_address>
         <size>0x42d</size>
         <input_file_ref idref="fl-da"/>
      </object_component>
      <object_component id="oc-35e">
         <name>.debug_info</name>
         <load_address>0xbf94</load_address>
         <run_address>0xbf94</run_address>
         <size>0x193</size>
         <input_file_ref idref="fl-da"/>
      </object_component>
      <object_component id="oc-332">
         <name>.debug_info</name>
         <load_address>0xc127</load_address>
         <run_address>0xc127</run_address>
         <size>0x1ec</size>
         <input_file_ref idref="fl-da"/>
      </object_component>
      <object_component id="oc-367">
         <name>.debug_info</name>
         <load_address>0xc313</load_address>
         <run_address>0xc313</run_address>
         <size>0xea</size>
         <input_file_ref idref="fl-da"/>
      </object_component>
      <object_component id="oc-3aa">
         <name>.debug_info</name>
         <load_address>0xc3fd</load_address>
         <run_address>0xc3fd</run_address>
         <size>0x2c</size>
         <input_file_ref idref="fl-da"/>
      </object_component>
      <object_component id="oc-39e">
         <name>.debug_info</name>
         <load_address>0xc429</load_address>
         <run_address>0xc429</run_address>
         <size>0x29b</size>
         <input_file_ref idref="fl-db"/>
      </object_component>
      <object_component id="oc-352">
         <name>.debug_info</name>
         <load_address>0xc6c4</load_address>
         <run_address>0xc6c4</run_address>
         <size>0x263</size>
         <input_file_ref idref="fl-db"/>
      </object_component>
      <object_component id="oc-3de">
         <name>.debug_info</name>
         <load_address>0xc927</load_address>
         <run_address>0xc927</run_address>
         <size>0x28b</size>
         <input_file_ref idref="fl-dc"/>
      </object_component>
      <object_component id="oc-3a4">
         <name>.debug_info</name>
         <load_address>0xcbb2</load_address>
         <run_address>0xcbb2</run_address>
         <size>0x274</size>
         <input_file_ref idref="fl-dc"/>
      </object_component>
      <object_component id="oc-3a0">
         <name>.debug_info</name>
         <load_address>0xce26</load_address>
         <run_address>0xce26</run_address>
         <size>0x2b0</size>
         <input_file_ref idref="fl-dd"/>
      </object_component>
      <object_component id="oc-358">
         <name>.debug_info</name>
         <load_address>0xd0d6</load_address>
         <run_address>0xd0d6</run_address>
         <size>0x278</size>
         <input_file_ref idref="fl-dd"/>
      </object_component>
      <object_component id="oc-33c">
         <name>.debug_info</name>
         <load_address>0xd34e</load_address>
         <run_address>0xd34e</run_address>
         <size>0x398</size>
         <input_file_ref idref="fl-de"/>
      </object_component>
      <object_component id="oc-326">
         <name>.debug_info</name>
         <load_address>0xd6e6</load_address>
         <run_address>0xd6e6</run_address>
         <size>0x190</size>
         <input_file_ref idref="fl-de"/>
      </object_component>
      <object_component id="oc-344">
         <name>.debug_info</name>
         <load_address>0xd876</load_address>
         <run_address>0xd876</run_address>
         <size>0x338</size>
         <input_file_ref idref="fl-df"/>
      </object_component>
      <object_component id="oc-340">
         <name>.debug_info</name>
         <load_address>0xdbae</load_address>
         <run_address>0xdbae</run_address>
         <size>0x10a</size>
         <input_file_ref idref="fl-df"/>
      </object_component>
      <object_component id="oc-32d">
         <name>.debug_info</name>
         <load_address>0xdcb8</load_address>
         <run_address>0xdcb8</run_address>
         <size>0x10a</size>
         <input_file_ref idref="fl-df"/>
      </object_component>
      <object_component id="oc-330">
         <name>.debug_info</name>
         <load_address>0xddc2</load_address>
         <run_address>0xddc2</run_address>
         <size>0x3d0</size>
         <input_file_ref idref="fl-e1"/>
      </object_component>
      <object_component id="oc-313">
         <name>.debug_info</name>
         <load_address>0xe192</load_address>
         <run_address>0xe192</run_address>
         <size>0x196</size>
         <input_file_ref idref="fl-e1"/>
      </object_component>
      <object_component id="oc-338">
         <name>.debug_info</name>
         <load_address>0xe328</load_address>
         <run_address>0xe328</run_address>
         <size>0x3d2</size>
         <input_file_ref idref="fl-e2"/>
      </object_component>
      <object_component id="oc-318">
         <name>.debug_info</name>
         <load_address>0xe6fa</load_address>
         <run_address>0xe6fa</run_address>
         <size>0x1a6</size>
         <input_file_ref idref="fl-e2"/>
      </object_component>
      <object_component id="oc-3c6">
         <name>.debug_info</name>
         <load_address>0xe8a0</load_address>
         <run_address>0xe8a0</run_address>
         <size>0x374</size>
         <input_file_ref idref="fl-e3"/>
      </object_component>
      <object_component id="oc-376">
         <name>.debug_info</name>
         <load_address>0xec14</load_address>
         <run_address>0xec14</run_address>
         <size>0x1bd</size>
         <input_file_ref idref="fl-e3"/>
      </object_component>
      <object_component id="oc-3cc">
         <name>.debug_info</name>
         <load_address>0xedd1</load_address>
         <run_address>0xedd1</run_address>
         <size>0x379</size>
         <input_file_ref idref="fl-e4"/>
      </object_component>
      <object_component id="oc-387">
         <name>.debug_info</name>
         <load_address>0xf14a</load_address>
         <run_address>0xf14a</run_address>
         <size>0x211</size>
         <input_file_ref idref="fl-e4"/>
      </object_component>
      <object_component id="oc-3c2">
         <name>.debug_info</name>
         <load_address>0xf35b</load_address>
         <run_address>0xf35b</run_address>
         <size>0x3a4</size>
         <input_file_ref idref="fl-e5"/>
      </object_component>
      <object_component id="oc-371">
         <name>.debug_info</name>
         <load_address>0xf6ff</load_address>
         <run_address>0xf6ff</run_address>
         <size>0x20d</size>
         <input_file_ref idref="fl-e5"/>
      </object_component>
      <object_component id="oc-3c8">
         <name>.debug_info</name>
         <load_address>0xf90c</load_address>
         <run_address>0xf90c</run_address>
         <size>0x378</size>
         <input_file_ref idref="fl-e6"/>
      </object_component>
      <object_component id="oc-37d">
         <name>.debug_info</name>
         <load_address>0xfc84</load_address>
         <run_address>0xfc84</run_address>
         <size>0x1fc</size>
         <input_file_ref idref="fl-e6"/>
      </object_component>
      <object_component id="oc-3d6">
         <name>.debug_info</name>
         <load_address>0xfe80</load_address>
         <run_address>0xfe80</run_address>
         <size>0x3d6</size>
         <input_file_ref idref="fl-e7"/>
      </object_component>
      <object_component id="oc-393">
         <name>.debug_info</name>
         <load_address>0x10256</load_address>
         <run_address>0x10256</run_address>
         <size>0x237</size>
         <input_file_ref idref="fl-e7"/>
      </object_component>
      <object_component id="oc-3ce">
         <name>.debug_info</name>
         <load_address>0x1048d</load_address>
         <run_address>0x1048d</run_address>
         <size>0x397</size>
         <input_file_ref idref="fl-e8"/>
      </object_component>
      <object_component id="oc-38e">
         <name>.debug_info</name>
         <load_address>0x10824</load_address>
         <run_address>0x10824</run_address>
         <size>0x1c7</size>
         <input_file_ref idref="fl-e8"/>
      </object_component>
      <object_component id="oc-3ca">
         <name>.debug_info</name>
         <load_address>0x109eb</load_address>
         <run_address>0x109eb</run_address>
         <size>0x379</size>
         <input_file_ref idref="fl-e9"/>
      </object_component>
      <object_component id="oc-381">
         <name>.debug_info</name>
         <load_address>0x10d64</load_address>
         <run_address>0x10d64</run_address>
         <size>0x201</size>
         <input_file_ref idref="fl-e9"/>
      </object_component>
      <object_component id="oc-3e5">
         <name>.debug_info</name>
         <load_address>0x10f65</load_address>
         <run_address>0x10f65</run_address>
         <size>0x2bc</size>
         <input_file_ref idref="fl-ea"/>
      </object_component>
      <object_component id="oc-3e2">
         <name>.debug_info</name>
         <load_address>0x11221</load_address>
         <run_address>0x11221</run_address>
         <size>0x109</size>
         <input_file_ref idref="fl-ea"/>
      </object_component>
      <object_component id="oc-3b6">
         <name>.debug_info</name>
         <load_address>0x1132a</load_address>
         <run_address>0x1132a</run_address>
         <size>0x1e0</size>
         <input_file_ref idref="fl-ea"/>
      </object_component>
      <object_component id="oc-3bf">
         <name>.debug_info</name>
         <load_address>0x1150a</load_address>
         <run_address>0x1150a</run_address>
         <size>0x19b</size>
         <input_file_ref idref="fl-ea"/>
      </object_component>
      <object_component id="oc-3f4">
         <name>.debug_info</name>
[...]
            <run_address>0x2003e000</run_address>
            <run_size>0x4b0</run_size>
            <compression>zero_init</compression>
         </cprec>
      </cptbl>
   </cptbl_list>
   <handler_table>
      <handler_table_name>__TI_handler_table</handler_table_name>
      <handler>
         <index>0x0</index>
         <name>__TI_decompress_lzss</name>
      </handler>
      <handler>
         <index>0x1</index>
         <name>__TI_decompress_none</name>
      </handler>
      <handler>
         <index>0x2</index>
         <name>__TI_zero_init</name>
      </handler>
   </handler_table>
   <symbol_table>
      <symbol id="sm-1">
         <name>__STACK_TOP</name>
         <value>0x2003c200</value>
      </symbol>
      <symbol id="sm-2">
         <name>__TI_CINIT_Base</name>
         <value>0x1f38</value>
      </symbol>
      <symbol id="sm-3">
         <name>__TI_CINIT_Limit</name>
         <value>0x1f48</value>
      </symbol>
      <symbol id="sm-4">
         <name>__TI_Handler_Table_Base</name>
         <value>0x1f24</value>
      </symbol>
      <symbol id="sm-5">
         <name>__TI_Handler_Table_Limit</name>
         <value>0x1f30</value>
      </symbol>
      <symbol id="sm-6">
         <name>binit</name>
         <value>0xffffffff</value>
      </symbol>
      <symbol id="sm-7">
         <name>__binit__</name>
         <value>0xffffffff</value>
      </symbol>
      <symbol id="sm-8">
         <name>__STACK_SIZE</name>
         <value>0x2000</value>
      </symbol>
      <symbol id="sm-9">
         <name>__STACK_END</name>
         <value>0x2003e000</value>
      </symbol>
      <symbol id="sm-a">
         <name>__SYSMEM_SIZE</name>
         <value>0x3c000</value>
      </symbol>
      <symbol id="sm-b">
         <name>__c_args__</name>
         <value>0xffffffff</value>
      </symbol>
      <symbol id="sm-c">
         <name>__TI_pprof_out_hndl</name>
         <value>0xffffffff</value>
      </symbol>
      <symbol id="sm-d">
         <name>__TI_prof_data_start</name>
         <value>0xffffffff</value>
      </symbol>
      <symbol id="sm-e">
         <name>__TI_prof_data_size</name>
         <value>0xffffffff</value>
      </symbol>
      <symbol id="sm-61">
         <name>Pang</name>
         <value>0x2003e1c0</value>
      </symbol>
      <symbol id="sm-62">
         <name>Peng</name>
         <value>0x2003e238</value>
      </symbol>
      <symbol id="sm-63">
         <name>Ping</name>
         <value>0x2003e2b0</value>
      </symbol>
      <symbol id="sm-64">
         <name>Pong</name>
         <value>0x2003e328</value>
      </symbol>
      <symbol id="sm-65">
         <name>Pung</name>
         <value>0x2003e3a0</value>
      </symbol>
      <symbol id="sm-66">
         <name>Body</name>
         <value>0x15a5</value>
         <object_component_ref idref="oc-19e"/>
      </symbol>
      <symbol id="sm-67">
         <name>dispatcher_tiva</name>
         <value>0xb41</value>
         <object_component_ref idref="oc-106"/>
      </symbol>
      <symbol id="sm-87">
         <name>queue_append</name>
         <value>0x1915</value>
         <object_component_ref idref="oc-231"/>
      </symbol>
      <symbol id="sm-88">
         <name>queue_remove</name>
         <value>0x1315</value>
         <object_component_ref idref="oc-2bb"/>
      </symbol>
      <symbol id="sm-c1">
         <name>g_ui32SysClock</name>
         <value>0x2003e498</value>
      </symbol>
      <symbol id="sm-c2">
         <name>main</name>
         <value>0xfe9</value>
         <object_component_ref idref="oc-b4"/>
      </symbol>
      <symbol id="sm-c3">
         <name>ConfigureUART</name>
         <value>0x143d</value>
         <object_component_ref idref="oc-fa"/>
      </symbol>
      <symbol id="sm-d8">
         <name>makecontext</name>
         <value>0x1c35</value>
         <object_component_ref idref="oc-22b"/>
      </symbol>
      <symbol id="sm-d9">
         <name>makecontextMain</name>
         <value>0x1c1d</value>
         <object_component_ref idref="oc-215"/>
      </symbol>
      <symbol id="sm-e5">
         <name>swap_context_asm</name>
         <value>0x9bf</value>
         <object_component_ref idref="oc-210"/>
      </symbol>
      <symbol id="sm-e6">
         <name>get_context_asm</name>
         <value>0x92d</value>
         <object_component_ref idref="oc-210"/>
      </symbol>
      <symbol id="sm-e7">
         <name>set_context_asm</name>
         <value>0x975</value>
         <object_component_ref idref="oc-210"/>
      </symbol>
      <symbol id="sm-154">
         <name>taskMain</name>
         <value>0x2003e4a4</value>
      </symbol>
      <symbol id="sm-155">
         <name>taskAtual</name>
         <value>0x2003e49c</value>
      </symbol>
      <symbol id="sm-156">
         <name>taskID</name>
         <value>0x2003e4a0</value>
      </symbol>
      <symbol id="sm-157">
         <name>taskdisp</name>
         <value>0x2003e418</value>
      </symbol>
      <symbol id="sm-158">
         <name>taskQueue</name>
         <value>0x2003e4ac</value>
      </symbol>
      <symbol id="sm-159">
         <name>taskNext</name>
         <value>0x2003e4a8</value>
      </symbol>
      <symbol id="sm-15a">
         <name>Bodydispatcher</name>
         <value>0x186d</value>
         <object_component_ref idref="oc-222"/>
      </symbol>
      <symbol id="sm-15b">
         <name>scheduler</name>
         <value>0x1c11</value>
         <object_component_ref idref="oc-2b5"/>
      </symbol>
      <symbol id="sm-15c">
         <name>ppos_init</name>
         <value>0xdf5</value>
         <object_component_ref idref="oc-18c"/>
      </symbol>
      <symbol id="sm-15d">
         <name>task_exit</name>
         <value>0x18dd</value>
         <object_component_ref idref="oc-240"/>
      </symbol>
      <symbol id="sm-15e">
         <name>task_yield</name>
         <value>0x1acd</value>
         <object_component_ref idref="oc-198"/>
      </symbol>
      <symbol id="sm-15f">
         <name>task_switch</name>
         <value>0x1b59</value>
         <object_component_ref idref="oc-239"/>
      </symbol>
      <symbol id="sm-160">
         <name>task_create</name>
         <value>0xf4d</value>
         <object_component_ref idref="oc-192"/>
      </symbol>
      <symbol id="sm-191">
         <name>ResetISR</name>
         <value>0x1c2f</value>
         <object_component_ref idref="oc-27"/>
      </symbol>
      <symbol id="sm-192">
         <name>g_pfnVectors</name>
         <value>0x0</value>
         <object_component_ref idref="oc-f"/>
      </symbol>
      <symbol id="sm-1b0">
         <name>PinoutSet</name>
         <value>0x201</value>
         <object_component_ref idref="oc-f4"/>
      </symbol>
      <symbol id="sm-21e">
         <name>UARTStdioConfig</name>
         <value>0x13dd</value>
         <object_component_ref idref="oc-178"/>
      </symbol>
      <symbol id="sm-21f">
         <name>UARTwrite</name>
         <value>0x1645</value>
         <object_component_ref idref="oc-1f6"/>
      </symbol>
      <symbol id="sm-220">
         <name>UARTprintf</name>
         <value>0x1b75</value>
         <object_component_ref idref="oc-100"/>
      </symbol>
      <symbol id="sm-221">
         <name>UARTvprintf</name>
         <value>0x60d</value>
         <object_component_ref idref="oc-17f"/>
      </symbol>
      <symbol id="sm-242">
         <name>setvbuf</name>
         <value>0xd19</value>
         <object_component_ref idref="oc-204"/>
      </symbol>
      <symbol id="sm-251">
         <name>__aeabi_uidivmod</name>
         <value>0x182d</value>
         <object_component_ref idref="oc-1fc"/>
      </symbol>
      <symbol id="sm-252">
         <name>__aeabi_uidiv</name>
         <value>0x182d</value>
         <object_component_ref idref="oc-1fc"/>
      </symbol>
      <symbol id="sm-269">
         <name>__TI_zero_init</name>
         <value>0x1c05</value>
         <object_component_ref idref="oc-5f"/>
      </symbol>
      <symbol id="sm-280">
         <name>__TI_decompress_none</name>
         <value>0x1bf7</value>
         <object_component_ref idref="oc-18"/>
      </symbol>
      <symbol id="sm-2a3">
         <name>__TI_decompress_lzss</name>
         <value>0x12ad</value>
         <object_component_ref idref="oc-12"/>
      </symbol>
      <symbol id="sm-2c9">
         <name>C$$EXIT</name>
         <value>0x1c3f</value>
         <object_component_ref idref="oc-10e"/>
      </symbol>
      <symbol id="sm-2ca">
         <name>abort</name>
         <value>0x1c3f</value>
         <object_component_ref idref="oc-10e"/>
      </symbol>
      <symbol id="sm-2cb">
         <name>__TI_dtors_ptr</name>
         <value>0x2003e67c</value>
         <object_component_ref idref="oc-1ad"/>
      </symbol>
      <symbol id="sm-2cc">
         <name>__TI_cleanup_ptr</name>
         <value>0x2003e678</value>
         <object_component_ref idref="oc-1ad"/>
      </symbol>
      <symbol id="sm-2cd">
         <name>__TI_enable_exit_profile_output</name>
         <value>0x2003e680</value>
         <object_component_ref idref="oc-1ad"/>
      </symbol>
      <symbol id="sm-2ce">
         <name>exit</name>
         <value>0x16d5</value>
         <object_component_ref idref="oc-114"/>
      </symbol>
      <symbol id="sm-2e3">
         <name>_nop</name>
         <value>0x1c43</value>
         <object_component_ref idref="oc-25a"/>
      </symbol>
      <symbol id="sm-2e4">
         <name>_lock</name>
         <value>0x2003e684</value>
         <object_component_ref idref="oc-1b0"/>
      </symbol>
      <symbol id="sm-2e5">
         <name>_unlock</name>
         <value>0x2003e688</value>
         <object_component_ref idref="oc-1b0"/>
      </symbol>
      <symbol id="sm-2ff">
         <name>__TI_tmpnams</name>
         <value>0x2003e120</value>
      </symbol>
      <symbol id="sm-300">
         <name>__aeabi_stdout</name>
         <value>0x2003e670</value>
         <object_component_ref idref="oc-2eb"/>
      </symbol>
      <symbol id="sm-301">
         <name>__aeabi_stderr</name>
         <value>0x2003e674</value>
         <object_component_ref idref="oc-2eb"/>
      </symbol>
      <symbol id="sm-302">
         <name>__aeabi_stdin</name>
         <value>0x2003e66c</value>
         <object_component_ref idref="oc-2eb"/>
      </symbol>
      <symbol id="sm-303">
         <name>_ftable</name>
         <value>0x2003e4b0</value>
         <object_component_ref idref="oc-21b"/>
      </symbol>
      <symbol id="sm-304">
         <name>__TI_ft_end</name>
         <value>0x2003e668</value>
         <object_component_ref idref="oc-2eb"/>
      </symbol>
      <symbol id="sm-38b">
         <name>_sys_memory</name>
         <value>0x20000000</value>
         <object_component_ref idref="oc-21"/>
      </symbol>
      <symbol id="sm-38c">
         <name>free</name>
         <value>0xc31</value>
         <object_component_ref idref="oc-28d"/>
      </symbol>
      <symbol id="sm-38d">
         <name>memalign</name>
         <value>0xa4d</value>
         <object_component_ref idref="oc-2a0"/>
      </symbol>
      <symbol id="sm-38e">
         <name>malloc</name>
         <value>0x1c27</value>
         <object_component_ref idref="oc-20a"/>
      </symbol>
      <symbol id="sm-38f">
         <name>aligned_alloc</name>
         <value>0xa4d</value>
         <object_component_ref idref="oc-2a0"/>
      </symbol>
      <symbol id="sm-3a2">
         <name>__stack</name>
         <value>0x2003c000</value>
         <object_component_ref idref="oc-24"/>
      </symbol>
      <symbol id="sm-3a3">
         <name>_c_int00_noargs</name>
         <value>0x19e9</value>
         <object_component_ref idref="oc-6b"/>
      </symbol>
      <symbol id="sm-3b3">
         <name>__TI_cleanup</name>
         <value>0x1981</value>
         <object_component_ref idref="oc-293"/>
      </symbol>
      <symbol id="sm-3bd">
         <name>__aeabi_idiv0</name>
         <value>0x1c45</value>
         <object_component_ref idref="oc-287"/>
      </symbol>
      <symbol id="sm-3be">
         <name>__aeabi_ldiv0</name>
         <value>0x1c45</value>
         <object_component_ref idref="oc-287"/>
      </symbol>
      <symbol id="sm-3cd">
         <name>__aeabi_memset</name>
         <value>0x10eb</value>
         <object_component_ref idref="oc-a8"/>
      </symbol>
      <symbol id="sm-3ce">
         <name>memset</name>
         <value>0x10f1</value>
         <object_component_ref idref="oc-a8"/>
      </symbol>
      <symbol id="sm-3cf">
         <name>__aeabi_memset8</name>
         <value>0x10eb</value>
         <object_component_ref idref="oc-a8"/>
      </symbol>
      <symbol id="sm-3d0">
         <name>__aeabi_memset4</name>
         <value>0x10eb</value>
         <object_component_ref idref="oc-a8"/>
      </symbol>
      <symbol id="sm-3d1">
         <name>__aeabi_memclr8</name>
         <value>0x10e9</value>
         <object_component_ref idref="oc-a8"/>
      </symbol>
      <symbol id="sm-3d2">
         <name>__aeabi_memclr4</name>
         <value>0x10e9</value>
         <object_component_ref idref="oc-a8"/>
      </symbol>
      <symbol id="sm-3d3">
         <name>__aeabi_memclr</name>
         <value>0x10e9</value>
         <object_component_ref idref="oc-a8"/>
      </symbol>
      <symbol id="sm-3ee">
         <name>memcpy</name>
         <value>0xeb1</value>
         <object_component_ref idref="oc-4d"/>
      </symbol>
      <symbol id="sm-3ef">
         <name>__aeabi_memcpy</name>
         <value>0xeb1</value>
         <object_component_ref idref="oc-4d"/>
      </symbol>
      <symbol id="sm-3f0">
         <name>__aeabi_memcpy8</name>
         <value>0xeb1</value>
         <object_component_ref idref="oc-4d"/>
      </symbol>
      <symbol id="sm-3f1">
         <name>__aeabi_memcpy4</name>
         <value>0xeb1</value>
         <object_component_ref idref="oc-4d"/>
      </symbol>
      <symbol id="sm-419">
         <name>__TI_auto_init_nobinit_nopinit</name>
         <value>0x17a5</value>
         <object_component_ref idref="oc-11a"/>
      </symbol>
      <symbol id="sm-423">
         <name>_system_pre_init</name>
         <value>0x1c3b</value>
         <object_component_ref idref="oc-ae"/>
      </symbol>
      <symbol id="sm-448">
         <name>__TI_closefile</name>
         <value>0x1165</value>
         <object_component_ref idref="oc-2e5"/>
      </symbol>
      <symbol id="sm-458">
         <name>__TI_doflush</name>
         <value>0x15f7</value>
         <object_component_ref idref="oc-30a"/>
      </symbol>
      <symbol id="sm-480">
         <name>finddevice</name>
         <value>0x1a1d</value>
         <object_component_ref idref="oc-35d"/>
      </symbol>
      <symbol id="sm-481">
         <name>getdevice</name>
         <value>0x17e9</value>
         <object_component_ref idref="oc-331"/>
      </symbol>
      <symbol id="sm-491">
         <name>strchr</name>
         <value>0x1ba7</value>
         <object_component_ref idref="oc-351"/>
      </symbol>
      <symbol id="sm-4a0">
         <name>strcmp</name>
         <value>0x1b8f</value>
         <object_component_ref idref="oc-3a1"/>
      </symbol>
      <symbol id="sm-4b0">
         <name>strncpy</name>
         <value>0x194b</value>
         <object_component_ref idref="oc-357"/>
      </symbol>
      <symbol id="sm-4c0">
         <name>write</name>
         <value>0x1af5</value>
         <object_component_ref idref="oc-324"/>
      </symbol>
      <symbol id="sm-4d1">
         <name>_stream</name>
         <value>0x2003e618</value>
         <object_component_ref idref="oc-32c"/>
      </symbol>
      <symbol id="sm-4d2">
         <name>_device</name>
         <value>0x2003e5a0</value>
         <object_component_ref idref="oc-33f"/>
      </symbol>
      <symbol id="sm-4e7">
         <name>close</name>
         <value>0x1499</value>
         <object_component_ref idref="oc-310"/>
      </symbol>
      <symbol id="sm-4f7">
         <name>unlink</name>
         <value>0x1a4d</value>
         <object_component_ref idref="oc-316"/>
      </symbol>
      <symbol id="sm-508">
         <name>HOSTclose</name>
         <value>0x171d</value>
         <object_component_ref idref="oc-374"/>
      </symbol>
      <symbol id="sm-519">
         <name>HOSTlseek</name>
         <value>0x1245</value>
         <object_component_ref idref="oc-386"/>
      </symbol>
      <symbol id="sm-52b">
         <name>parmbuf</name>
         <value>0x2003e490</value>
      </symbol>
      <symbol id="sm-52c">
         <name>HOSTopen</name>
         <value>0x137d</value>
         <object_component_ref idref="oc-36e"/>
      </symbol>
      <symbol id="sm-53d">
         <name>HOSTread</name>
         <value>0x14f5</value>
         <object_component_ref idref="oc-37a"/>
      </symbol>
      <symbol id="sm-54e">
         <name>HOSTrename</name>
         <value>0x11d9</value>
         <object_component_ref idref="oc-392"/>
      </symbol>
      <symbol id="sm-55f">
         <name>HOSTunlink</name>
         <value>0x1761</value>
         <object_component_ref idref="oc-38c"/>
      </symbol>
      <symbol id="sm-570">
         <name>HOSTwrite</name>
         <value>0x154d</value>
         <object_component_ref idref="oc-380"/>
      </symbol>
      <symbol id="sm-594">
         <name>__TI_readmsg</name>
         <value>0x19b5</value>
         <object_component_ref idref="oc-3bb"/>
      </symbol>
      <symbol id="sm-595">
         <name>C$$IO$$</name>
         <value>0x18d3</value>
         <object_component_ref idref="oc-3b5"/>
      </symbol>
      <symbol id="sm-596">
         <name>__CIOBUF_</name>
         <value>0x2003e000</value>
         <object_component_ref idref="oc-3e1"/>
      </symbol>
      <symbol id="sm-597">
         <name>__TI_writemsg</name>
         <value>0x18a5</value>
         <object_component_ref idref="oc-3b5"/>
      </symbol>
      <symbol id="sm-5a5">
         <name>strcpy</name>
         <value>0x1bbd</value>
         <object_component_ref idref="oc-3cf"/>
      </symbol>
      <symbol id="sm-5b3">
         <name>strlen</name>
         <value>0x1bd1</value>
         <object_component_ref idref="oc-3af"/>
      </symbol>
      <symbol id="sm-5d7">
         <name>GPIODirModeSet</name>
         <value>0x1a79</value>
         <object_component_ref idref="oc-1e0"/>
      </symbol>
      <symbol id="sm-5d8">
         <name>GPIOPadConfigSet</name>
         <value>0x7fb</value>
         <object_component_ref idref="oc-16a"/>
      </symbol>
      <symbol id="sm-5d9">
         <name>GPIOPinTypeEthernetLED</name>
         <value>0x1be5</value>
         <object_component_ref idref="oc-170"/>
      </symbol>
      <symbol id="sm-63f">
         <name>SysCtlClockFreqSet</name>
         <value>0x40d</value>
         <object_component_ref idref="oc-ee"/>
      </symbol>
      <symbol id="sm-641">
         <name>__TI_static_base__</name>
         <value>0x0</value>
      </symbol>
      <symbol id="sm-644">
         <name>__mpu_init</name>
         <value>0x0</value>
      </symbol>
      <symbol id="sm-645">
         <name>_system_post_cinit</name>
         <value>0x0</value>
      </symbol>
      <symbol id="sm-646">
         <name>remove</name>
         <value>0x1a4d</value>
      </symbol>
   </symbol_table>
   <title>Link successful</title>
</link_info>
